// Jest Snapshot v1, https://goo.gl/fbAQLP

exports[`FE Custom Functions Custom functions work  1`] = `
"<!DOCTYPE html>
<ul>
  <li>scripts/app.--HASH--.js</li>
  <li>ADD: 30</li>
  <li>After timeout</li>
</ul>"
`;
