// Jest Snapshot v1, https://goo.gl/fbAQLP

exports[`FE Build Generate and build FE Project and minify 1`] = `"<!doctype html><html class=\\"no-js\\" lang=\\"en\\" prefix=\\"og: http://ogp.me/ns#\\" data-webpack-public-path=\\"./\\"><head><meta charset=\\"utf-8\\"/><title>Some Page - FrontEnd</title><link rel=\\"stylesheet\\" property=\\"stylesheet\\" href=\\"styles/main.--HASH--.css\\"><meta name=\\"viewport\\" content=\\"width=device-width,initial-scale=1\\"><script>document.documentElement.classList.remove('no-js');</script><script src=\\"scripts/app.98db252c.js\\" defer=\\"defer\\"></script></head><body class=\\"\\"><header class=\\"o-wrapper c-header\\"><a href=\\"/\\" rel=\\"home\\">FrontEnd</a></header><main class=\\"o-wrapper\\"><h1>Hello <span class=\\"js-greeting\\"></span></h1></main><footer class=\\"o-wrapper c-footer\\"><p>Copyright &copy; 2020 FrontEnd</p></footer></body></html>"`;
