// Jest Snapshot v1, https://goo.gl/fbAQLP

exports[`WP add-page Add pages 1`] = `
Array [
  Array [],
  Array [
    "[92m[1mPage Page 1 created![22m[39m",
  ],
  Array [
    "[1mTemplate:[22m --PROJECT-PATH--/wp/wp-content/themes/chisel-test-wp-chisel/templates/page-page-1.twig",
  ],
  Array [
    "[1mURL:[22m http://localhost:8081/?page_id=4",
  ],
  Array [],
  Array [
    "[92m[1mPage Fancy Ä…Ä™Å›Ä‡Å‚Ã³/Nested/Name created![22m[39m",
  ],
  Array [
    "[1mTemplate:[22m --PROJECT-PATH--/wp/wp-content/themes/chisel-test-wp-chisel/templates/page-fancy-aesclo-nested-name.twig",
  ],
  Array [
    "[1mURL:[22m http://localhost:8081/?page_id=5",
  ],
  Array [],
]
`;

exports[`WP add-page Add pages 2`] = `
Array [
  "./wp/wp-content/themes/chisel-test-wp-chisel/templates/page-fancy-aesclo-nested-name.twig",
  "./wp/wp-content/themes/chisel-test-wp-chisel/templates/page-page-1.twig",
  "./wp/wp-content/themes/chisel-test-wp-chisel/templates/page-plugin.twig",
]
`;
